#-----------------------------------------------------------
# Webtalk v2020.2 (64-bit)
# SW Build 3064766 on Wed Nov 18 09:12:45 MST 2020
# IP Build 3064653 on Wed Nov 18 14:17:31 MST 2020
# Start of session at: Wed May  6 18:39:24 2026
# Process ID: 19676
# Current directory: C:/Users/HP/OneDrive/Desktop/BTP_RND/RND/optimization/kalman_final1/kalman/kalman_hls/solution1/sim/verilog
# Command line: wbtcv.exe -mode batch -source C:/Users/HP/OneDrive/Desktop/BTP_RND/RND/optimization/kalman_final1/kalman/kalman_hls/solution1/sim/verilog/xsim.dir/kalman_hw_update/webtalk/xsim_webtalk.tcl -notrace
# Log file: C:/Users/HP/OneDrive/Desktop/BTP_RND/RND/optimization/kalman_final1/kalman/kalman_hls/solution1/sim/verilog/webtalk.log
# Journal file: C:/Users/HP/OneDrive/Desktop/BTP_RND/RND/optimization/kalman_final1/kalman/kalman_hls/solution1/sim/verilog\webtalk.jou
#-----------------------------------------------------------
source C:/Users/HP/OneDrive/Desktop/BTP_RND/RND/optimization/kalman_final1/kalman/kalman_hls/solution1/sim/verilog/xsim.dir/kalman_hw_update/webtalk/xsim_webtalk.tcl -notrace
