

================================================================
== Synthesis Summary Report of 'kalman_hw_update'
================================================================
+ General Information: 
    * Date:           Wed Apr 29 02:01:30 2026
    * Version:        2020.2 (Build 3064766 on Wed Nov 18 09:12:45 MST 2020)
    * Project:        kalman_hls
    * Solution:       solution1 (Vivado IP Flow Target)
    * Product family: virtexuplus
    * Target device:  xcvu11p-flga2577-1-e
    

+ Performance & Resource Estimates: 
    
    PS: '+' for module; 'o' for loop; '*' for dataflow
    +------------------------------------------+------+-------+---------+-----------+----------+---------+------+----------+------+----+------------+-------------+-----+
    |                  Modules                 | Issue|       | Latency |  Latency  | Iteration|         | Trip |          |      |    |            |             |     |
    |                  & Loops                 | Type | Slack | (cycles)|    (ns)   |  Latency | Interval| Count| Pipelined| BRAM | DSP|     FF     |     LUT     | URAM|
    +------------------------------------------+------+-------+---------+-----------+----------+---------+------+----------+------+----+------------+-------------+-----+
    |+ kalman_hw_update                        |     -|  -0.66|      625|  6.250e+03|         -|      626|     -|        no|     -|   -|  7372 (~0%)|  12101 (~0%)|    -|
    | + grp_estimate_fu_394                    |     -|  -0.66|      470|  4.700e+03|         -|      470|     -|        no|     -|   -|  4193 (~0%)|   6020 (~0%)|    -|
    |  + grp_destructive_invert_matrix_fu_395  |     -|  -0.66|      206|  2.060e+03|         -|      206|     -|        no|     -|   -|  3365 (~0%)|   3642 (~0%)|    -|
    |   o VITIS_LOOP_46_1                      |     -|  -7.30|        8|     80.000|         4|        -|     2|        no|     -|   -|           -|            -|    -|
    |    o VITIS_LOOP_48_2                     |     -|  -7.30|        2|     20.000|         1|        -|     2|        no|     -|   -|           -|            -|    -|
    |   o VITIS_LOOP_213_1                     |     -|  -7.30|      195|  1.950e+03|        96|        -|     2|        no|     -|   -|           -|            -|    -|
    |    o VITIS_LOOP_217_2                    |     -|  -7.30|        5|     50.000|         2|        -|     2|        no|     -|   -|           -|            -|    -|
    |    o VITIS_LOOP_184_1                    |     -|  -7.30|        6|     60.000|         3|        -|     2|        no|     -|   -|           -|            -|    -|
    |    o VITIS_LOOP_184_1                    |     -|  -7.30|        6|     60.000|         3|        -|     2|        no|     -|   -|           -|            -|    -|
    |    o VITIS_LOOP_193_1                    |     -|  -7.30|        4|     40.000|         2|        -|     2|        no|     -|   -|           -|            -|    -|
    |    o VITIS_LOOP_193_1                    |     -|  -7.30|        4|     40.000|         2|        -|     2|        no|     -|   -|           -|            -|    -|
    |    o VITIS_LOOP_233_3                    |     -|  -7.30|       24|    240.000|        12|        -|     2|        no|     -|   -|           -|            -|    -|
    |     o VITIS_LOOP_201_1                   |     -|  -7.30|        4|     40.000|         2|        -|     2|        no|     -|   -|           -|            -|    -|
    |     o VITIS_LOOP_201_1                   |     -|  -7.30|        4|     40.000|         2|        -|     2|        no|     -|   -|           -|            -|    -|
    |  + grp_multiply_matrix_fu_409            |     -|  -1.39|       29|    290.000|         -|       29|     -|        no|     -|   -|   184 (~0%)|    375 (~0%)|    -|
    |   o VITIS_LOOP_118_1                     |     -|  -7.30|       28|    280.000|        14|        -|     2|        no|     -|   -|           -|            -|    -|
    |    o VITIS_LOOP_120_2                    |     -|  -7.30|       12|    120.000|         6|        -|     2|        no|     -|   -|           -|            -|    -|
    |     o VITIS_LOOP_123_3                   |     -|  -7.30|        4|     40.000|         2|        -|     2|        no|     -|   -|           -|            -|    -|
    |  o VITIS_LOOP_93_1                       |     -|  -7.30|       12|    120.000|         6|        -|     2|        no|     -|   -|           -|            -|    -|
    |   o VITIS_LOOP_95_2                      |     -|  -7.30|        4|     40.000|         2|        -|     2|        no|     -|   -|           -|            -|    -|
    |  o VITIS_LOOP_136_1                      |     -|  -7.30|       28|    280.000|        14|        -|     2|        no|     -|   -|           -|            -|    -|
    |   o VITIS_LOOP_138_2                     |     -|  -7.30|       12|    120.000|         6|        -|     2|        no|     -|   -|           -|            -|    -|
    |    o VITIS_LOOP_141_3                    |     -|  -7.30|        4|     40.000|         2|        -|     2|        no|     -|   -|           -|            -|    -|
    |  o VITIS_LOOP_80_1                       |     -|  -7.30|       12|    120.000|         6|        -|     2|        no|     -|   -|           -|            -|    -|
    |   o VITIS_LOOP_82_2                      |     -|  -7.30|        4|     40.000|         2|        -|     2|        no|     -|   -|           -|            -|    -|
    |  o VITIS_LOOP_80_1                       |     -|  -7.30|       12|    120.000|         6|        -|     2|        no|     -|   -|           -|            -|    -|
    |   o VITIS_LOOP_82_2                      |     -|  -7.30|        4|     40.000|         2|        -|     2|        no|     -|   -|           -|            -|    -|
    |  o VITIS_LOOP_103_1                      |     -|  -7.30|       12|    120.000|         6|        -|     2|        no|     -|   -|           -|            -|    -|
    |   o VITIS_LOOP_105_2                     |     -|  -7.30|        4|     40.000|         2|        -|     2|        no|     -|   -|           -|            -|    -|
    | + grp_predict_fu_460                     |     -|  -1.39|      100|  1.000e+03|         -|      100|     -|        no|     -|   -|   654 (~0%)|   1357 (~0%)|    -|
    |  o VITIS_LOOP_118_1                      |     -|  -7.30|       28|    280.000|        14|        -|     2|        no|     -|   -|           -|            -|    -|
    |   o VITIS_LOOP_120_2                     |     -|  -7.30|       12|    120.000|         6|        -|     2|        no|     -|   -|           -|            -|    -|
    |    o VITIS_LOOP_123_3                    |     -|  -7.30|        4|     40.000|         2|        -|     2|        no|     -|   -|           -|            -|    -|
    |  o VITIS_LOOP_118_1                      |     -|  -7.30|       28|    280.000|        14|        -|     2|        no|     -|   -|           -|            -|    -|
    |   o VITIS_LOOP_120_2                     |     -|  -7.30|       12|    120.000|         6|        -|     2|        no|     -|   -|           -|            -|    -|
    |    o VITIS_LOOP_123_3                    |     -|  -7.30|        4|     40.000|         2|        -|     2|        no|     -|   -|           -|            -|    -|
    |  o VITIS_LOOP_136_1                      |     -|  -7.30|       28|    280.000|        14|        -|     2|        no|     -|   -|           -|            -|    -|
    |   o VITIS_LOOP_138_2                     |     -|  -7.30|       12|    120.000|         6|        -|     2|        no|     -|   -|           -|            -|    -|
    |    o VITIS_LOOP_141_3                    |     -|  -7.30|        4|     40.000|         2|        -|     2|        no|     -|   -|           -|            -|    -|
    |  o VITIS_LOOP_80_1                       |     -|  -7.30|       12|    120.000|         6|        -|     2|        no|     -|   -|           -|            -|    -|
    |   o VITIS_LOOP_82_2                      |     -|  -7.30|        4|     40.000|         2|        -|     2|        no|     -|   -|           -|            -|    -|
    | + grp_init_matrix_fu_494                 |    II|  -6.57|        7|     70.000|         -|        8|     -|       yes|     -|   -|    12 (~0%)|    147 (~0%)|    -|
    | + grp_init_matrix_fu_504                 |    II|  -6.57|        7|     70.000|         -|        8|     -|       yes|     -|   -|    12 (~0%)|    147 (~0%)|    -|
    | + grp_init_matrix_fu_514                 |    II|  -6.57|        7|     70.000|         -|        8|     -|       yes|     -|   -|    12 (~0%)|    147 (~0%)|    -|
    | + grp_init_matrix_fu_524                 |    II|  -6.57|        7|     70.000|         -|        8|     -|       yes|     -|   -|    12 (~0%)|    147 (~0%)|    -|
    | + grp_init_matrix_fu_534                 |    II|  -6.57|        7|     70.000|         -|        8|     -|       yes|     -|   -|    12 (~0%)|    147 (~0%)|    -|
    | + grp_init_matrix_fu_544                 |    II|  -6.57|        7|     70.000|         -|        8|     -|       yes|     -|   -|    12 (~0%)|    147 (~0%)|    -|
    | + grp_init_matrix_fu_554                 |    II|  -6.57|        7|     70.000|         -|        8|     -|       yes|     -|   -|    12 (~0%)|    147 (~0%)|    -|
    | + grp_init_matrix_fu_564                 |    II|  -6.57|        7|     70.000|         -|        8|     -|       yes|     -|   -|    12 (~0%)|    147 (~0%)|    -|
    | + grp_init_matrix_fu_574                 |    II|  -6.57|        7|     70.000|         -|        8|     -|       yes|     -|   -|    12 (~0%)|    147 (~0%)|    -|
    | + grp_init_matrix_fu_584                 |    II|  -6.57|        7|     70.000|         -|        8|     -|       yes|     -|   -|    12 (~0%)|    147 (~0%)|    -|
    | + grp_init_matrix_fu_594                 |    II|  -6.57|        7|     70.000|         -|        8|     -|       yes|     -|   -|    12 (~0%)|    147 (~0%)|    -|
    | + grp_init_matrix_fu_604                 |    II|  -6.57|        7|     70.000|         -|        8|     -|       yes|     -|   -|    12 (~0%)|    147 (~0%)|    -|
    | + grp_init_matrix_fu_614                 |    II|  -6.57|        7|     70.000|         -|        8|     -|       yes|     -|   -|    12 (~0%)|    147 (~0%)|    -|
    | o VITIS_LOOP_46_1                        |     -|  -7.30|        8|     80.000|         4|        -|     2|        no|     -|   -|           -|            -|    -|
    |  o VITIS_LOOP_48_2                       |     -|  -7.30|        2|     20.000|         1|        -|     2|        no|     -|   -|           -|            -|    -|
    | o VITIS_LOOP_46_1                        |     -|  -7.30|        8|     80.000|         4|        -|     2|        no|     -|   -|           -|            -|    -|
    |  o VITIS_LOOP_48_2                       |     -|  -7.30|        2|     20.000|         1|        -|     2|        no|     -|   -|           -|            -|    -|
    | o VITIS_LOOP_46_1                        |     -|  -7.30|        8|     80.000|         4|        -|     2|        no|     -|   -|           -|            -|    -|
    |  o VITIS_LOOP_48_2                       |     -|  -7.30|        2|     20.000|         1|        -|     2|        no|     -|   -|           -|            -|    -|
    | o VITIS_LOOP_174_1                       |     -|  -7.30|       12|    120.000|         6|        -|     2|        no|     -|   -|           -|            -|    -|
    |  o VITIS_LOOP_176_2                      |     -|  -7.30|        4|     40.000|         2|        -|     2|        no|     -|   -|           -|            -|    -|
    +------------------------------------------+------+-------+---------+-----------+----------+---------+------+----------+------+----+------------+-------------+-----+

